amillop0811@PC111924 MINGW64 ~/Documents/examenGIT/examen-git-intermedio/alumnos/MILLAN_ADRIAN (main)
$ git branch feature-log

amillop0811@PC111924 MINGW64 ~/Documents/examenGIT/examen-git-intermedio/alumnos/MILLAN_ADRIAN (main)
$ git checkout feature-log
Switched to branch 'feature-log'

amillop0811@PC111924 MINGW64 ~/Documents/examenGIT/examen-git-intermedio/alumnos/MILLAN_ADRIAN (feature-log)
$ git status
On branch feature-log
Untracked files:
  (use "git add <file>..." to include in what will be committed)
        log_hito2.log
        log_hito3_1.log
        log_hito3_2.log

nothing added to commit but untracked files present (use "git add" to track)

amillop0811@PC111924 MINGW64 ~/Documents/examenGIT/examen-git-intermedio/alumnos/MILLAN_ADRIAN (feature-log)
$ cd ..

amillop0811@PC111924 MINGW64 ~/Documents/examenGIT/examen-git-intermedio/alumnos (feature-log)
$ cd ..

amillop0811@PC111924 MINGW64 ~/Documents/examenGIT/examen-git-intermedio (feature-log)
$ code .

amillop0811@PC111924 MINGW64 ~/Documents/examenGIT/examen-git-intermedio (feature-log)
$ git status
On branch feature-log
Changes not staged for commit:
  (use "git add <file>..." to update what will be committed)
  (use "git restore <file>..." to discard changes in working directory)
        modified:   examen.py

Untracked files:
  (use "git add <file>..." to include in what will be committed)
        alumnos/MILLAN_ADRIAN/log_hito2.log
        alumnos/MILLAN_ADRIAN/log_hito3_1.log
        alumnos/MILLAN_ADRIAN/log_hito3_2.log

no changes added to commit (use "git add" and/or "git commit -a")

amillop0811@PC111924 MINGW64 ~/Documents/examenGIT/examen-git-intermedio (feature-log)
$ git add .

amillop0811@PC111924 MINGW64 ~/Documents/examenGIT/examen-git-intermedio (feature-log)
$ git status
On branch feature-log
Changes to be committed:
  (use "git restore --staged <file>..." to unstage)
        new file:   alumnos/MILLAN_ADRIAN/log_hito2.log
        new file:   alumnos/MILLAN_ADRIAN/log_hito3_1.log
        new file:   alumnos/MILLAN_ADRIAN/log_hito3_2.log
        modified:   examen.py


amillop0811@PC111924 MINGW64 ~/Documents/examenGIT/examen-git-intermedio (feature-log)
$ git commit
[feature-log e44aaf7] ADRIAN_MILLAN: Añadir hitos y modificar examen.py
 4 files changed, 75 insertions(+), 1 deletion(-)
 create mode 100644 alumnos/MILLAN_ADRIAN/log_hito2.log
 create mode 100644 alumnos/MILLAN_ADRIAN/log_hito3_1.log
 create mode 100644 alumnos/MILLAN_ADRIAN/log_hito3_2.log
